// Jest Snapshot v1, https://goo.gl/fbAQLP

exports[`DoList 样式改变则提示 1`] = `
<div class="dolist">
  <div>
    已完成:
    <span data-test="count">0</span></div>
  <ul class="content"></ul>
</div>
`;
