// Jest Snapshot v1, https://goo.gl/fbAQLP

exports[`Header 样式改变则提示 1`] = `
<div class="header">
  <div class="content">
    TodoList
    <input type="text" data-test="header-input" placeholder="todo item"></div>
</div>
`;
