// Jest Snapshot v1, https://goo.gl/fbAQLP

exports[`UndoList 样式改变则提示 1`] = `
<div class="undolist">
  <div>
    正在进行:
    <span data-test="count">0</span></div>
  <ul class="content"></ul>
</div>
`;
